2026-09-14 09:42:34.813 BST [26328] LOG:  starting PostgreSQL 16.10, compiled by Visual C++ build 1944, 64-bit
2026-09-14 09:42:34.814 BST [26328] LOG:  listening on IPv4 address "127.0.0.1", port 55435
2026-09-14 09:42:34.884 BST [23036] LOG:  database system was shut down at 2026-09-14 09:41:59 BST
2026-09-14 09:42:34.942 BST [26328] LOG:  database system is ready to accept connections
2026-09-14 09:43:16.130 BST [32120] ERROR:  permission denied for table learner_achievement_point_events
2026-09-14 09:43:16.130 BST [32120] CONTEXT:  SQL expression "(select count(*) from public.learner_achievement_point_events where idempotency_key='mini:'||extra_id::text)<>1"
	PL/pgSQL function inline_code_block line 24 at IF
2026-09-14 09:43:16.130 BST [32120] STATEMENT:  do $$ declare saved uuid; extra_id uuid; response jsonb; begin
	  select session_id into saved from mini_fixture;
	  if public.open_mini_study('90000000-0000-0000-0000-000000000002',(select class_id from mini_fixture),'40000000-0000-0000-0000-000000000006','different','daily','{}','[{}]')<>saved then raise exception 'duplicate active session'; end if;
	  begin
	    perform public.open_mini_study('90000000-0000-0000-0000-000000000002',(select class_id from mini_fixture),'40000000-0000-0000-0000-000000000004','foreign','daily','{}','[{}]');
	    raise exception 'other unit accepted';
	  exception when sqlstate '42501' then null; end;
	  begin
	    perform public.finish_mini_study('90000000-0000-0000-0000-000000000002',saved);
	    raise exception 'reward before answers';
	  exception when raise_exception then if sqlerrm<>'check_answers_first' then raise; end if; end;
	  response:=public.check_mini_study('90000000-0000-0000-0000-000000000002',saved,'{"correct":0,"total":1,"feedback":[{"correct":false,"skill":"purpose"}]}','Review purpose.');
	  response:=public.check_mini_study('90000000-0000-0000-0000-000000000002',saved,'{"correct":1,"total":1,"feedback":[]}','Overwrite');
	  if response->>'correct'<>'0' then raise exception 'first answers overwritten'; end if;
	  response:=public.finish_mini_study('90000000-0000-0000-0000-000000000002',saved);
	  if response->>'xp'<>'20' or response->>'badge'<>'First small step' then raise exception 'missing reward'; end if;
	  if public.finish_mini_study('90000000-0000-0000-0000-000000000002',saved)<>response then raise exception 'retry not idempotent'; end if;
	  extra_id:=public.open_mini_study('90000000-0000-0000-0000-000000000002',(select class_id from mini_fixture),'40000000-0000-0000-0000-000000000006','optional-extra','daily','{}','[{}]');
	  if extra_id is null or extra_id=saved then raise exception 'optional same-day lesson missing'; end if;
	  perform public.check_mini_study('90000000-0000-0000-0000-000000000002',extra_id,'{"correct":1,"total":1,"feedback":[]}','Recall the idea.');
	  response:=public.finish_mini_study('90000000-0000-0000-0000-000000000002',extra_id);
	  if response->>'xp'<>'20' or response->>'badge' is not null then raise exception 'extra lesson reward incorrect'; end if;
	  if public.finish_mini_study('90000000-0000-0000-0000-000000000002',extra_id)<>response then raise exception 'extra reward retry not idempotent'; end if;
	  if (select count(*) from public.learner_achievement_point_events where idempotency_key='mini:'||extra_id::text)<>1 then raise exception 'duplicate extra XP'; end if;
	end $$;
2026-09-14 09:46:38.482 BST [26328] LOG:  received fast shutdown request
2026-09-14 09:46:38.487 BST [26328] LOG:  aborting any active transactions
2026-09-14 09:46:38.506 BST [26328] LOG:  background worker "logical replication launcher" (PID 26256) exited with exit code 1
2026-09-14 09:46:38.508 BST [27740] LOG:  shutting down
2026-09-14 09:46:38.511 BST [27740] LOG:  checkpoint starting: shutdown immediate
2026-09-14 09:46:39.519 BST [27740] LOG:  checkpoint complete: wrote 1624 buffers (9.9%); 0 WAL file(s) added, 0 removed, 0 recycled; write=0.304 s, sync=0.688 s, total=1.011 s; sync files=783, longest=0.005 s, average=0.001 s; distance=10344 kB, estimate=10344 kB; lsn=0/1F917F8, redo lsn=0/1F917F8
2026-09-14 09:46:39.706 BST [26328] LOG:  database system is shut down
2026-09-15 23:11:08.948 BST [6444] LOG:  starting PostgreSQL 16.10, compiled by Visual C++ build 1944, 64-bit
2026-09-15 23:11:08.950 BST [6444] LOG:  listening on IPv4 address "127.0.0.1", port 55435
2026-09-15 23:11:09.090 BST [2680] LOG:  database system was shut down at 2026-09-14 09:46:39 BST
2026-09-15 23:11:09.266 BST [6444] LOG:  database system is ready to accept connections
2026-09-15 23:16:09.047 BST [11384] LOG:  checkpoint starting: time
2026-09-15 23:16:12.336 BST [11384] LOG:  checkpoint complete: wrote 32 buffers (0.2%); 0 WAL file(s) added, 0 removed, 0 recycled; write=3.218 s, sync=0.048 s, total=3.289 s; sync files=25, longest=0.010 s, average=0.002 s; distance=93 kB, estimate=93 kB; lsn=0/1FA9010, redo lsn=0/1FA8FD8
2026-09-15 23:16:20.279 BST [6444] LOG:  received fast shutdown request
2026-09-15 23:16:20.284 BST [6444] LOG:  aborting any active transactions
2026-09-15 23:16:20.299 BST [6444] LOG:  background worker "logical replication launcher" (PID 28960) exited with exit code 1
2026-09-15 23:16:20.300 BST [11384] LOG:  shutting down
2026-09-15 23:16:20.303 BST [11384] LOG:  checkpoint starting: shutdown immediate
2026-09-15 23:16:20.321 BST [11384] LOG:  checkpoint complete: wrote 0 buffers (0.0%); 0 WAL file(s) added, 0 removed, 0 recycled; write=0.002 s, sync=0.001 s, total=0.021 s; sync files=0, longest=0.000 s, average=0.000 s; distance=0 kB, estimate=84 kB; lsn=0/1FA90C0, redo lsn=0/1FA90C0
2026-09-15 23:16:20.380 BST [6444] LOG:  database system is shut down
2026-09-16 01:30:15.476 BST [15584] LOG:  starting PostgreSQL 16.10, compiled by Visual C++ build 1944, 64-bit
2026-09-16 01:30:15.478 BST [15584] LOG:  listening on IPv4 address "127.0.0.1", port 55435
2026-09-16 01:30:15.614 BST [3380] LOG:  database system was shut down at 2026-09-15 23:16:20 BST
2026-09-16 01:30:15.717 BST [15584] LOG:  database system is ready to accept connections
2026-09-16 02:22:21.992 BST [20024] ERROR:  permission denied for table enrolments
2026-09-16 02:22:21.992 BST [20024] STATEMENT:  insert into public.exam_practice_attempts(class_id,paper_id,activity,response) select class_id,'guided',0,repeat('A reasoned response. ',4) from exam_fixture;
2026-09-16 03:40:17.929 BST [37684] LOG:  checkpoint starting: time
2026-09-16 03:40:29.563 BST [37684] LOG:  checkpoint complete: wrote 109 buffers (0.7%); 0 WAL file(s) added, 0 removed, 1 recycled; write=11.552 s, sync=0.061 s, total=11.635 s; sync files=72, longest=0.005 s, average=0.001 s; distance=513 kB, estimate=513 kB; lsn=0/2029870, redo lsn=0/2029838
2026-09-16 03:41:52.077 BST [15584] LOG:  received fast shutdown request
2026-09-16 03:41:52.081 BST [15584] LOG:  aborting any active transactions
2026-09-16 03:41:52.097 BST [15584] LOG:  background worker "logical replication launcher" (PID 35508) exited with exit code 1
2026-09-16 03:41:52.099 BST [37684] LOG:  shutting down
2026-09-16 03:41:52.102 BST [37684] LOG:  checkpoint starting: shutdown immediate
2026-09-16 03:41:52.122 BST [37684] LOG:  checkpoint complete: wrote 0 buffers (0.0%); 0 WAL file(s) added, 0 removed, 0 recycled; write=0.002 s, sync=0.001 s, total=0.023 s; sync files=0, longest=0.000 s, average=0.000 s; distance=0 kB, estimate=462 kB; lsn=0/2029920, redo lsn=0/2029920
2026-09-16 03:41:52.157 BST [15584] LOG:  database system is shut down
2026-09-16 05:57:11.243 BST [9212] LOG:  starting PostgreSQL 16.10, compiled by Visual C++ build 1944, 64-bit
2026-09-16 05:57:11.245 BST [9212] LOG:  listening on IPv4 address "127.0.0.1", port 55435
2026-09-16 05:57:11.336 BST [23612] LOG:  database system was shut down at 2026-09-16 03:41:52 BST
2026-09-16 05:57:11.379 BST [9212] LOG:  database system is ready to accept connections
2026-09-16 05:58:31.860 BST [9212] LOG:  received fast shutdown request
2026-09-16 05:58:31.864 BST [9212] LOG:  aborting any active transactions
2026-09-16 05:58:31.871 BST [9212] LOG:  background worker "logical replication launcher" (PID 36592) exited with exit code 1
2026-09-16 05:58:31.872 BST [23464] LOG:  shutting down
2026-09-16 05:58:31.873 BST [23464] LOG:  checkpoint starting: shutdown immediate
2026-09-16 05:58:31.993 BST [23464] LOG:  checkpoint complete: wrote 85 buffers (0.5%); 0 WAL file(s) added, 0 removed, 0 recycled; write=0.009 s, sync=0.104 s, total=0.121 s; sync files=65, longest=0.014 s, average=0.002 s; distance=323 kB, estimate=323 kB; lsn=0/207A8A8, redo lsn=0/207A8A8
2026-09-16 05:58:32.008 BST [9212] LOG:  database system is shut down
2026-09-16 18:41:43.621 BST [26340] LOG:  starting PostgreSQL 16.10, compiled by Visual C++ build 1944, 64-bit
2026-09-16 18:41:43.623 BST [26340] LOG:  listening on IPv4 address "127.0.0.1", port 55435
2026-09-16 18:41:43.743 BST [18512] LOG:  database system was shut down at 2026-09-16 05:58:31 BST
2026-09-16 18:41:43.793 BST [26340] LOG:  database system is ready to accept connections
2026-09-16 18:43:50.339 BST [26340] LOG:  received fast shutdown request
2026-09-16 18:43:50.344 BST [26340] LOG:  aborting any active transactions
2026-09-16 18:43:50.352 BST [26340] LOG:  background worker "logical replication launcher" (PID 25664) exited with exit code 1
2026-09-16 18:43:50.353 BST [36304] LOG:  shutting down
2026-09-16 18:43:50.354 BST [36304] LOG:  checkpoint starting: shutdown immediate
2026-09-16 18:43:50.455 BST [36304] LOG:  checkpoint complete: wrote 65 buffers (0.4%); 0 WAL file(s) added, 0 removed, 0 recycled; write=0.011 s, sync=0.084 s, total=0.103 s; sync files=54, longest=0.004 s, average=0.002 s; distance=213 kB, estimate=213 kB; lsn=0/20AFD10, redo lsn=0/20AFD10
2026-09-16 18:43:50.476 BST [26340] LOG:  database system is shut down
